C:\Users\wt435\Documents\SAMURAI\lesson>mkdir git_challenge

C:\Users\wt435\Documents\SAMURAI\lesson>cd git_c*

C:\Users\wt435\Documents\SAMURAI\lesson\git_challenge>echo "Hello, world!" >> hello_world.txt

C:\Users\wt435\Documents\SAMURAI\lesson\git_challenge>git init
Initialized empty Git repository in C:/Users/wt435/Documents/SAMURAI/lesson/git_challenge/.git/

C:\Users\wt435\Documents\SAMURAI\lesson\git_challenge>git add hello_world.txt

C:\Users\wt435\Documents\SAMURAI\lesson\git_challenge>git commit -m "hello_world.txtを追加"
[main (root-commit) 0c2258c] hello_world.txtを追加
 1 file changed, 1 insertion(+)
 create mode 100644 hello_world.txt

C:\Users\wt435\Documents\SAMURAI\lesson\git_challenge>echo "こんにちは、世界！" >> hello_world.txt

C:\Users\wt435\Documents\SAMURAI\lesson\git_challenge>git add hello_world.txt

C:\Users\wt435\Documents\SAMURAI\lesson\git_challenge>git commit -m "日本語訳を追記"
[main a790e27] 日本語訳を追記
 1 file changed, 1 insertion(+)

C:\Users\wt435\Documents\SAMURAI\lesson\git_challenge>git log --oneline
a790e27 (HEAD -> main) 日本語訳を追記
0c2258c hello_world.txtを追加

C:\Users\wt435\Documents\SAMURAI\lesson\git_challenge>


















